01:09:00 **** Auto Build of configuration Debug for project proj-code ****
make all 
'Building file: ../src/main.c'
'Invoking: MicroBlaze gcc compiler'
mb-gcc -Wall -O0 -g3 -c -fmessage-length=0 -MT"src/main.o" -I../../proj-code_bsp/microblaze_0/include -mlittle-endian -mcpu=v10.0 -mxl-soft-mul -Wl,--no-relax -ffunction-sections -fdata-sections -MMD -MP -MF"src/main.d" -MT"src/main.o" -o "src/main.o" "../src/main.c"
'Finished building: ../src/main.c'
' '
'Building target: proj-code.elf'
'Invoking: MicroBlaze gcc linker'
mb-gcc -Wl,-T -Wl,../src/lscript.ld -L../../proj-code_bsp/microblaze_0/lib -mlittle-endian -mcpu=v10.0 -mxl-soft-mul -Wl,--no-relax -Wl,--gc-sections -o "proj-code.elf"  ./src/main.o   -Wl,--start-group,-lxil,-lgcc,-lc,--end-group
'Finished building target: proj-code.elf'
' '
'Invoking: MicroBlaze Print Size'
mb-size proj-code.elf  |tee "proj-code.elf.size"
   text	   data	    bss	    dec	    hex	filename
   6728	    308	   3116	  10152	   27a8	proj-code.elf
'Finished building: proj-code.elf.size'
' '

01:09:01 Build Finished (took 721ms)

